PUT=000 PREVIEW=000 LIVE=000  /xfinity/accessibility.html
content/xfinity/apps.html
content/xfinity/bill-pay.html
content/xfinity/compare.html
content/xfinity/gig.html
content/xfinity/hub.html
content/xfinity/hub/internet.html
content/xfinity/learn/deals.html
content/xfinity/learn/deals/internet.html
content/xfinity/learn/digital-cable-tv.html
content/xfinity/learn/digital-cable-tv/premium-channels/max.html
content/xfinity/learn/digital-cable-tv/sports.html
content/xfinity/learn/digital-cable-tv/x1.html
content/xfinity/learn/home-phone-services.html
content/xfinity/learn/home-solutions/home-security.html
content/xfinity/learn/internet-service.html
content/xfinity/learn/internet-service/internet-essentials.html
content/xfinity/learn/internet-service/modems-and-routers.html
content/xfinity/learn/mobile/plan.html
content/xfinity/learn/moving.html
content/xfinity/local.html
content/xfinity/membership.html
content/xfinity/mobile.html
content/xfinity/planbuilder.html
content/xfinity/site-map
